2025-11-23 01:55:12 - GET funcionarios - Role: none, User ID: none
2025-11-23 01:55:30 - GET funcionarios - Role: none, User ID: none
2025-11-23 01:56:24 - GET funcionarios - Role: none, User ID: none
2025-11-23 01:56:29 - GET funcionarios - Role: none, User ID: none
2025-11-23 02:06:45 - GET funcionarios - Role: none, User ID: none
2025-11-23 02:07:02 - GET funcionarios - Role: none, User ID: none
2025-11-23 02:08:12 - GET funcionarios - Role: none, User ID: none
2025-11-23 02:08:13 - GET funcionarios - Role: none, User ID: none
2025-11-23 02:08:55 - GET funcionarios - Role: none, User ID: none
2025-11-23 02:10:34 - GET funcionarios - Role: none, User ID: none
2025-11-23 02:11:23 - GET funcionarios - Role: none, User ID: none
2025-11-23 02:13:23 - GET funcionarios - Role: educador, User ID: 2
2025-11-23 02:13:23 - Empresas permitidas para user 2: BENE, HUB
2025-11-23 02:13:59 - DELETE REQUEST: {"empresa":"HUB","setor":"FATURAMENTO","funcionario":"BIANCA","date":"2025-11-23"}
2025-11-23 02:13:59 - DELETE RESULT: rowCount = 1
2025-11-23 02:14:04 - DELETE REQUEST: {"empresa":"HUB","setor":"FATURAMENTO","funcionario":"PATRICIA","date":"2025-11-23"}
2025-11-23 02:14:04 - DELETE RESULT: rowCount = 1
2025-11-23 02:14:10 - DELETE REQUEST: {"empresa":"BENE","setor":"FATURAMENTO","funcionario":"DIEGO","date":"2025-11-23"}
2025-11-23 02:14:10 - DELETE RESULT: rowCount = 1
2025-11-23 02:16:02 - GET funcionarios - Role: educador, User ID: 2
2025-11-23 02:16:02 - Empresas permitidas para user 2: BENE, HUB
2025-11-23 02:17:52 - GET funcionarios - Role: none, User ID: none
2025-11-23 02:17:57 - GET funcionarios - Role: admin, User ID: 1
2025-11-23 02:25:39 - GET funcionarios - Role: none, User ID: none
2025-11-23 02:26:33 - GET funcionarios - Role: educador, User ID: 2
2025-11-23 02:26:33 - Empresas permitidas para user 2: BENE, HUB
2025-11-23 02:33:22 - GET funcionarios - Role: none, User ID: none
2025-11-23 02:33:28 - GET funcionarios - Role: admin, User ID: 1
2025-11-23 02:33:29 - GET funcionarios - Role: admin, User ID: 1
2025-11-23 02:34:40 - GET funcionarios - Role: educador, User ID: 2
2025-11-23 02:34:40 - Empresas permitidas para user 2: BENE, HUB
2025-11-23 02:34:50 - GET funcionarios - Role: none, User ID: none
2025-11-23 02:34:56 - GET funcionarios - Role: admin, User ID: 1
2025-11-23 02:34:56 - GET funcionarios - Role: admin, User ID: 1
2025-11-23 02:35:11 - GET funcionarios - Role: none, User ID: none
2025-11-23 02:35:21 - GET funcionarios - Role: none, User ID: none
2025-11-23 02:35:32 - GET funcionarios - Role: educador, User ID: 2
2025-11-23 02:35:32 - Empresas permitidas para user 2: BENE, HUB
2025-11-23 02:35:50 - GET funcionarios - Role: none, User ID: none
2025-11-23 02:35:52 - GET funcionarios - Role: admin, User ID: 1
2025-11-23 02:35:53 - GET funcionarios - Role: admin, User ID: 1
2025-11-23 02:35:58 - GET funcionarios - Role: admin, User ID: 1
2025-11-23 02:36:04 - GET funcionarios - Role: admin, User ID: 1
2025-11-23 02:36:06 - GET funcionarios - Role: admin, User ID: 1
2025-11-23 02:36:10 - GET funcionarios - Role: none, User ID: none
2025-11-23 02:36:26 - GET funcionarios - Role: educador, User ID: 2
2025-11-23 02:36:26 - Empresas permitidas para user 2: BENE, HUB
2025-11-23 02:36:44 - Recebido PRESENCA com 1 registros
2025-11-23 02:36:44 - Presença salva! Count: 1
2025-11-23 02:37:21 - GET funcionarios - Role: admin, User ID: 1
2025-11-23 02:37:21 - GET funcionarios - Role: admin, User ID: 1
2025-11-23 02:37:36 - Recebido PRESENCA com 3 registros
2025-11-23 02:37:36 - Presença salva! Count: 3
2025-11-23 02:37:40 - GET funcionarios - Role: admin, User ID: 1
2025-11-23 02:38:17 - GET funcionarios - Role: none, User ID: none
2025-11-23 02:39:30 - GET funcionarios - Role: admin, User ID: 1
2025-11-23 02:39:30 - GET funcionarios - Role: admin, User ID: 1
2025-11-23 02:43:40 - GET funcionarios - Role: admin, User ID: 1
2025-11-23 02:43:44 - GET funcionarios - Role: none, User ID: none
2025-11-23 02:43:49 - GET funcionarios - Role: educador, User ID: 2
2025-11-23 02:43:49 - Empresas permitidas para user 2: BENE, HUB
2025-11-23 02:43:54 - Recebido PRESENCA com 1 registros
2025-11-23 02:43:54 - Presença salva! Count: 1
2025-11-23 02:44:04 - Recebido PRESENCA com 2 registros
2025-11-23 02:44:04 - Presença salva! Count: 2
2025-11-23 02:44:17 - GET funcionarios - Role: none, User ID: none
2025-11-23 02:44:29 - GET funcionarios - Role: admin, User ID: 1
2025-11-23 02:45:15 - GET funcionarios - Role: admin, User ID: 1
2025-11-23 02:45:25 - GET funcionarios - Role: none, User ID: none
2025-11-23 02:45:29 - GET funcionarios - Role: educador, User ID: 2
2025-11-23 02:45:29 - Empresas permitidas para user 2: BENE, HUB
2025-11-23 02:45:36 - GET funcionarios - Role: none, User ID: none
2025-11-23 02:45:40 - GET funcionarios - Role: admin, User ID: 1
2025-11-23 02:46:23 - Recebido PRESENCA com 1 registros
2025-11-23 02:46:23 - Presença salva! Count: 1
2025-11-23 02:48:39 - GET funcionarios - Role: admin, User ID: 1
2025-11-23 02:52:02 - DELETE REQUEST: {"empresa":"BENE","setor":"FATURAMENTO","funcionario":"DIEGO","date":"2025-11-23"}
2025-11-23 02:52:02 - DELETE RESULT: rowCount = 0
2025-11-23 02:52:14 - GET funcionarios - Role: educador, User ID: 2
2025-11-23 02:52:14 - Empresas permitidas para user 2: BENE, HUB
2025-11-23 02:54:07 - GET funcionarios - Role: admin, User ID: 1
2025-11-22 22:57:37 - GET funcionarios - Role: educador, User ID: 2
2025-11-22 22:57:37 - Empresas permitidas para user 2: BENE, HUB
2025-11-22 22:57:45 - GET funcionarios - Role: none, User ID: none
2025-11-22 22:57:49 - GET funcionarios - Role: none, User ID: none
2025-11-22 23:28:58 - GET funcionarios - Role: admin, User ID: 1
2025-11-22 23:30:59 - GET funcionarios - Role: educador, User ID: 2
2025-11-22 23:30:59 - Empresas permitidas para user 2: BENE, HUB
2025-11-22 23:33:11 - GET funcionarios - Role: educador, User ID: 2
2025-11-22 23:33:11 - Empresas permitidas para user 2: BENE, HUB
2025-11-22 23:33:23 - Recebido PRESENCA com 2 registros
2025-11-22 23:33:23 - Presença salva! Count: 2
2025-11-22 23:34:04 - Recebido PRESENCA com 3 registros
2025-11-22 23:34:04 - Presença salva! Count: 3
2025-11-22 23:34:07 - GET funcionarios - Role: admin, User ID: 1
2025-11-22 23:35:56 - GET funcionarios - Role: none, User ID: none
2025-11-22 23:36:00 - GET funcionarios - Role: educador, User ID: 2
2025-11-22 23:36:00 - Empresas permitidas para user 2: BENE, HUB
2025-11-22 23:36:09 - DELETE REQUEST: {"empresa":"HUB","setor":"FATURAMENTO","funcionario":"BIANCA","date":"2025-11-23"}
2025-11-22 23:36:09 - DELETE RESULT: rowCount = 0
2025-11-22 23:37:22 - GET funcionarios - Role: educador, User ID: 2
2025-11-22 23:37:22 - Empresas permitidas para user 2: BENE, HUB
2025-11-22 23:40:45 - GET funcionarios - Role: none, User ID: none
2025-11-22 23:42:50 - GET funcionarios - Role: none, User ID: none
2025-11-22 23:42:54 - GET funcionarios - Role: admin, User ID: 1
2025-11-22 23:42:55 - GET funcionarios - Role: admin, User ID: 1
2025-11-22 23:44:14 - GET funcionarios - Role: none, User ID: none
2025-11-22 23:44:17 - GET funcionarios - Role: educador, User ID: 4
2025-11-22 23:44:17 - Empresas permitidas para user 4: HUB, BENE
2025-11-22 23:44:29 - DELETE REQUEST: {"empresa":"HUB","setor":"FATURAMENTO","funcionario":"BIANCA","date":"2025-11-23"}
2025-11-22 23:44:29 - DELETE RESULT: rowCount = 0
2025-11-22 23:44:29 - DELETE FAIL DEBUG: Found similar: []
2025-11-22 23:46:45 - GET funcionarios - Role: educador, User ID: 4
2025-11-22 23:46:45 - Empresas permitidas para user 4: HUB, BENE
2025-11-22 23:49:13 - GET funcionarios - Role: educador, User ID: 2
2025-11-22 23:49:13 - Empresas permitidas para user 2: BENE, HUB
2025-11-22 23:49:18 - Recebido PRESENCA com 1 registros
2025-11-22 23:49:18 - Presença salva! Count: 1, Skipped: 0
2025-11-22 23:49:28 - DELETE REQUEST: {"empresa":"BENE","setor":"FATURAMENTO","funcionario":"DIEGO","date":"2025-11-22"}
2025-11-22 23:49:28 - DELETE RESULT: rowCount = 1
2025-11-22 23:49:39 - Recebido PRESENCA com 1 registros
2025-11-22 23:49:39 - Presença salva! Count: 1, Skipped: 0
2025-11-22 23:49:52 - GET funcionarios - Role: educador, User ID: 2
2025-11-22 23:49:52 - Empresas permitidas para user 2: BENE, HUB
2025-11-22 23:50:10 - DELETE REQUEST: {"empresa":"BENE","setor":"FATURAMENTO","funcionario":"DIEGO","date":"2025-11-22"}
2025-11-22 23:50:10 - DELETE RESULT: rowCount = 1
2025-11-22 23:52:45 - GET funcionarios - Role: educador, User ID: 2
2025-11-22 23:52:45 - Empresas permitidas para user 2: BENE, HUB
2025-11-22 23:52:50 - Recebido PRESENCA com 1 registros
2025-11-22 23:52:50 - Presença salva! Count: 1, Skipped: 0
2025-11-22 23:53:03 - GET funcionarios - Role: educador, User ID: 4
2025-11-22 23:53:03 - Empresas permitidas para user 4: HUB, BENE
2025-11-22 23:53:09 - DELETE REQUEST: {"empresa":"BENE","setor":"FATURAMENTO","funcionario":"DIEGO","date":"2025-11-22"}
2025-11-22 23:53:09 - DELETE RESULT: rowCount = 1
2025-11-22 23:53:17 - Recebido PRESENCA com 1 registros
2025-11-22 23:53:17 - Presença salva! Count: 1, Skipped: 0
2025-11-22 23:53:23 - DELETE REQUEST: {"empresa":"BENE","setor":"FATURAMENTO","funcionario":"DIEGO","date":"2025-11-22"}
2025-11-22 23:53:23 - DELETE RESULT: rowCount = 1
2025-11-22 23:55:06 - Recebido PRESENCA com 1 registros
2025-11-22 23:55:06 - Presença salva! Count: 1, Skipped: 0
2025-11-22 23:55:12 - GET funcionarios - Role: educador, User ID: 4
2025-11-22 23:55:12 - Empresas permitidas para user 4: HUB, BENE
2025-11-22 23:55:16 - Recebido PRESENCA com 1 registros
2025-11-22 23:55:16 - Presença salva! Count: 0, Skipped: 1
2025-11-22 23:55:18 - GET funcionarios - Role: educador, User ID: 4
2025-11-22 23:55:18 - Empresas permitidas para user 4: HUB, BENE
2025-11-22 23:55:32 - Recebido PRESENCA com 1 registros
2025-11-22 23:55:32 - Presença salva! Count: 0, Skipped: 1
2025-11-22 23:55:34 - GET funcionarios - Role: educador, User ID: 4
2025-11-22 23:55:34 - Empresas permitidas para user 4: HUB, BENE
2025-11-22 23:55:40 - DELETE REQUEST: {"empresa":"BENE","setor":"FATURAMENTO","funcionario":"DIEGO","date":"2025-11-22"}
2025-11-22 23:55:40 - DELETE RESULT: rowCount = 1
2025-11-22 23:55:53 - Recebido PRESENCA com 2 registros
2025-11-22 23:55:53 - Presença salva! Count: 2, Skipped: 0
2025-11-22 23:55:54 - GET funcionarios - Role: educador, User ID: 4
2025-11-22 23:55:54 - Empresas permitidas para user 4: HUB, BENE
2025-11-22 23:57:58 - GET funcionarios - Role: none, User ID: none
2025-11-22 23:58:02 - GET funcionarios - Role: admin, User ID: 1
2025-11-22 23:58:03 - GET funcionarios - Role: admin, User ID: 1
2025-11-22 23:58:17 - Recebido PRESENCA com 1 registros
2025-11-22 23:58:17 - Presença salva! Count: 1, Skipped: 0
2025-11-22 23:58:20 - GET funcionarios - Role: admin, User ID: 1
2025-11-22 23:58:41 - Recebido PRESENCA com 1 registros
2025-11-22 23:58:41 - Presença salva! Count: 0, Skipped: 1
2025-11-22 23:58:44 - Recebido PRESENCA com 1 registros
2025-11-22 23:58:44 - Presença salva! Count: 0, Skipped: 1
2025-11-23 00:01:09 - Recebido POST com 4 funcionarios
2025-11-23 00:01:09 - Sucesso! Inseridos: 4
2025-11-23 00:01:28 - Recebido POST com 5 funcionarios
2025-11-23 00:01:28 - Sucesso! Inseridos: 5
2025-11-23 00:01:42 - Recebido POST com 5 funcionarios
2025-11-23 00:01:42 - Sucesso! Inseridos: 5
2025-11-23 00:01:50 - Recebido POST com 4 funcionarios
2025-11-23 00:01:50 - Sucesso! Inseridos: 4
2025-11-23 00:01:53 - Recebido POST com 3 funcionarios
2025-11-23 00:01:53 - Sucesso! Inseridos: 3
2025-11-23 00:01:56 - Recebido POST com 2 funcionarios
2025-11-23 00:01:56 - Sucesso! Inseridos: 2
2025-11-23 00:02:56 - Recebido POST com 1 funcionarios
2025-11-23 00:02:56 - Sucesso! Inseridos: 1
2025-11-23 00:02:59 - Recebido POST com 0 funcionarios
2025-11-23 00:02:59 - Sucesso! Inseridos: 0
2025-11-23 00:03:18 - GET funcionarios - Role: educador, User ID: 2
2025-11-23 00:03:18 - Empresas permitidas para user 2: BENE, HUB
2025-11-23 00:03:57 - GET funcionarios - Role: educador, User ID: 2
2025-11-23 00:03:57 - Empresas permitidas para user 2: BENE, HUB
2025-11-23 00:04:00 - GET funcionarios - Role: educador, User ID: 2
2025-11-23 00:04:00 - Empresas permitidas para user 2: BENE, HUB
2025-11-23 00:04:02 - GET funcionarios - Role: educador, User ID: 2
2025-11-23 00:04:02 - Empresas permitidas para user 2: BENE, HUB
2025-11-23 00:09:32 - GET funcionarios - Role: none, User ID: none
2025-11-23 00:09:40 - GET funcionarios - Role: admin, User ID: 1
2025-11-23 00:10:59 - GET funcionarios - Role: admin, User ID: 1
2025-11-23 00:11:03 - GET funcionarios - Role: none, User ID: none
2025-11-23 00:11:08 - GET funcionarios - Role: none, User ID: none
2025-11-23 00:11:12 - GET funcionarios - Role: admin, User ID: 1
2025-11-23 00:11:15 - GET funcionarios - Role: none, User ID: none
2025-11-23 00:11:20 - GET funcionarios - Role: educador, User ID: 2
2025-11-23 00:11:20 - Empresas permitidas para user 2: BENE, HUB
2025-11-23 00:11:41 - GET funcionarios - Role: none, User ID: none
2025-11-23 00:11:45 - GET funcionarios - Role: admin, User ID: 1
2025-11-23 00:15:08 - GET funcionarios - Role: admin, User ID: 1
2025-11-23 00:17:05 - GET funcionarios - Role: none, User ID: none
2025-11-23 00:17:06 - GET funcionarios - Role: none, User ID: none
2025-11-23 00:17:08 - GET funcionarios - Role: educador, User ID: 2
2025-11-23 00:17:08 - Empresas permitidas para user 2: BENE, HUB
2025-11-23 00:17:12 - GET funcionarios - Role: none, User ID: none
2025-11-23 00:17:15 - GET funcionarios - Role: admin, User ID: 1
2025-11-23 10:10:51 - GET funcionarios - Role: none, User ID: none
2025-11-23 10:10:53 - GET funcionarios - Role: admin, User ID: 1
2025-11-23 10:10:53 - GET funcionarios - Role: admin, User ID: 1
2025-11-23 10:11:27 - GET funcionarios - Role: none, User ID: none
2025-11-23 10:11:44 - GET funcionarios - Role: educador, User ID: 2
2025-11-23 10:11:44 - Empresas permitidas para user 2: BENE, HUB
2025-11-23 10:18:05 - GET funcionarios - Role: none, User ID: none
2025-11-23 10:18:26 - GET funcionarios - Role: admin, User ID: 1
2025-11-23 10:18:26 - GET funcionarios - Role: admin, User ID: 1
2025-11-23 10:30:45 - GET funcionarios - Role: none, User ID: none
2025-11-23 10:30:50 - GET funcionarios - Role: educador, User ID: 2
2025-11-23 10:30:50 - Empresas permitidas para user 2: BENE, HUB
2025-11-23 10:31:18 - GET funcionarios - Role: none, User ID: none
2025-11-23 10:31:44 - GET funcionarios - Role: admin, User ID: 1
2025-11-23 10:31:44 - GET funcionarios - Role: admin, User ID: 1
